// Jest Snapshot v1, https://goo.gl/fbAQLP

exports[`<Comment/> snapshot 1`] = `
<div>
  <div
    class="comment"
  >
    <div
      class="comment-details"
    >
      <p
        class="comment-author"
      >
        u/
        Joseph Joestar
      </p>
      <p
        class="comment-date"
      >
        Mon Apr 01 2019
      </p>
    </div>
    <h5
      class="comment-content"
    >
      Your next line is...
    </h5>
    <div>
      <div
        class="post-info"
      >
        <button
          class="button post-info-button"
          data-testid="share-button"
        >
          <svg
            aria-hidden="true"
            class="svg-inline--fa fa-share fa-w-16 "
            data-icon="share"
            data-prefix="fas"
            focusable="false"
            role="img"
            viewBox="0 0 512 512"
            xmlns="http://www.w3.org/2000/svg"
          >
            <path
              d="M503.691 189.836L327.687 37.851C312.281 24.546 288 35.347 288 56.015v80.053C127.371 137.907 0 170.1 0 322.326c0 61.441 39.581 122.309 83.333 154.132 13.653 9.931 33.111-2.533 28.077-18.631C66.066 312.814 132.917 274.316 288 272.085V360c0 20.7 24.3 31.453 39.687 18.164l176.004-152c11.071-9.562 11.086-26.753 0-36.328z"
              fill="currentColor"
            />
          </svg>
          <span>
            Share
          </span>
        </button>
        <button
          class="button post-info-button"
        >
          <svg
            aria-hidden="true"
            class="svg-inline--fa fa-comment-alt fa-w-16 "
            data-icon="comment-alt"
            data-prefix="fas"
            focusable="false"
            role="img"
            viewBox="0 0 512 512"
            xmlns="http://www.w3.org/2000/svg"
          >
            <path
              d="M448 0H64C28.7 0 0 28.7 0 64v288c0 35.3 28.7 64 64 64h96v84c0 9.8 11.2 15.5 19.1 9.7L304 416h144c35.3 0 64-28.7 64-64V64c0-35.3-28.7-64-64-64z"
              fill="currentColor"
            />
          </svg>
          <span>
            1
          </span>
        </button>
        <button
          class="button post-info-button"
          data-testid="save-button"
        >
          <svg
            aria-hidden="true"
            class="svg-inline--fa fa-bookmark fa-w-12 "
            data-icon="bookmark"
            data-prefix="fas"
            focusable="false"
            role="img"
            viewBox="0 0 384 512"
            xmlns="http://www.w3.org/2000/svg"
          >
            <path
              d="M0 512V48C0 21.49 21.49 0 48 0h288c26.51 0 48 21.49 48 48v464L192 400 0 512z"
              fill="currentColor"
            />
          </svg>
          <span>
            Save
          </span>
        </button>
        
      </div>
    </div>
  </div>
</div>
`;
